Using device: mps
  CA species filter (>10 obs): 31 -> 16 species, 557 -> 461 records
Species: 16 (8 He, 8 pi) across 5 folds

Fold 1/5: 12 train / 4 held-out species
  WithinSpecies: 12 species groups
  MixedContext: 12 CA species, 371 global families available
  done (87 pooled preds so far)

Fold 2/5: 12 train / 4 held-out species
  WithinSpecies: 12 species groups
  MixedContext: 12 CA species, 371 global families available
  done (122 pooled preds so far)

Fold 3/5: 12 train / 4 held-out species
  WithinSpecies: 12 species groups
  MixedContext: 12 CA species, 371 global families available
  done (181 pooled preds so far)

Fold 4/5: 14 train / 2 held-out species
  WithinSpecies: 14 species groups
  MixedContext: 14 CA species, 371 global families available
  done (27 pooled preds so far)

Fold 5/5: 14 train / 2 held-out species
  WithinSpecies: 14 species groups
  MixedContext: 14 CA species, 371 global families available
  done (44 pooled preds so far)

================================================================
5-FOLD SPECIES-LEVEL CROSS-VALIDATION (raw units, exact intervals)
================================================================
  He : n_sp= 8 n_pops= 257  RMSE=0.13156  R2=0.607  cov95=0.397  cov68=0.249  CI<0=0%
  pi : n_sp= 8 n_pops= 204  RMSE=0.01027  R2=0.055  cov95=0.676  cov68=0.466  CI<0=0%
  all: n_sp=16 n_pops= 461  RMSE=0.09847  R2=0.888  cov95=0.521  cov68=0.345  CI<0=0%

Saved: /Users/liyingnceas/GitHub/coastal-caligendiv/data/processed/crossval_metrics.csv and /Users/liyingnceas/GitHub/coastal-caligendiv/data/processed/crossval_predictions.csv
