=== STEP 03 (standardized) ===
Using device: mps
  CA species filter (>10 obs): 31 -> 16 species, 557 -> 461 records
Global: 19163 records, 1108 species
California: 461 records, 16 species

============================================================
PHASE 1: Global pre-training
============================================================
  WithinSpecies: 941 species groups
  CrossSpecies: 111 taxonomic groups
  WithinSpecies: 167 species groups

Parameters: 254,344
  Epoch   1: loss=1.3132  val_RMSE=0.5107  R²=0.7673  σ=0.4167  95%CI=0.861
  Epoch   5: loss=0.8168  val_RMSE=0.4848  R²=0.7643  σ=0.3398  95%CI=0.862
  Epoch  10: loss=0.6141  val_RMSE=0.4988  R²=0.7125  σ=0.3964  95%CI=0.902
  Epoch  15: loss=0.4935  val_RMSE=0.4131  R²=0.8719  σ=0.2649  95%CI=0.822
  Epoch  20: loss=0.4447  val_RMSE=0.4763  R²=0.8000  σ=0.3508  95%CI=0.857
  Epoch  25: loss=0.4398  val_RMSE=0.5359  R²=0.6289  σ=0.4377  95%CI=0.895
  Epoch  30: loss=0.3732  val_RMSE=0.4572  R²=0.8110  σ=0.3562  95%CI=0.884
  Epoch  35: loss=0.2226  val_RMSE=0.5539  R²=0.6930  σ=0.4022  95%CI=0.882
  Early stopping at epoch 35

  Best global: RMSE=0.4495, R²=0.8069, σ=0.3200, coverage=0.851

============================================================
PHASE 2: California fine-tuning (He + π)
============================================================
  WithinSpecies: 5 species groups

  Zero-shot: RMSE=1.6533, R²=-2.4618, σ=0.4041, coverage=0.372
  WithinSpecies: 11 species groups
  MixedContext: 11 CA species, 371 global families available
  Epoch   1: loss=13.5675  test_RMSE=0.5239  R²=0.6559  σ=0.2556  coverage=0.774
  Epoch   5: loss=0.0380  test_RMSE=0.4938  R²=0.8025  σ=0.2230  coverage=0.722
  Epoch  10: loss=0.2046  test_RMSE=0.4328  R²=0.7906  σ=0.2167  coverage=0.818
  Epoch  15: loss=-0.0431  test_RMSE=0.4587  R²=0.7792  σ=0.1959  coverage=0.750
  Epoch  20: loss=-0.2151  test_RMSE=0.5658  R²=0.6108  σ=0.2185  coverage=0.604
  Epoch  25: loss=-0.0178  test_RMSE=0.5786  R²=0.5947  σ=0.1790  coverage=0.536
  Epoch  30: loss=-0.2381  test_RMSE=0.6255  R²=0.5512  σ=0.1618  coverage=0.470
  Early stopping at epoch 30

  Fine-tuned: RMSE=0.4575, R²=0.7547, σ=0.2144, coverage=0.792

  Per metric-type:
  WithinSpecies: 3 species groups
    He: n_species=3, RMSE=0.5992, R²=0.6874, σ=0.2596
  WithinSpecies: 2 species groups
    pi: n_species=2, RMSE=0.1151, R²=0.7601, σ=0.1332

Saved to /Users/liyingnceas/GitHub/coastal-caligendiv/models/
=== STEP 04 ===
Using device: mps
  CA species filter (>10 obs): 31 -> 16 species, 557 -> 461 records
Saved: /Users/liyingnceas/GitHub/coastal-caligendiv/figures/coastal_transects.png
Saved: /Users/liyingnceas/GitHub/coastal-caligendiv/figures/obs_vs_pred.png
Saved: /Users/liyingnceas/GitHub/coastal-caligendiv/figures/calibration.png
Saved: /Users/liyingnceas/GitHub/coastal-caligendiv/figures/california_diversity_map.png
Saved: /Users/liyingnceas/GitHub/coastal-caligendiv/data/processed/predictions.csv (1350 predictions)
=== STEP 05 ===
Using device: mps
  CA species filter (>10 obs): 31 -> 16 species, 557 -> 461 records
Generating predictions for all species...
  Emerita analoga: lat [33.8, 39.0] → grid [32.4, 40.5] (106 pts)
  Eucyclogobius newberryi: lat [33.2, 41.9] → grid [31.8, 42.0] (133 pts)
  Kelletia kelletii: lat [32.7, 34.5] → grid [31.2, 36.0] (63 pts)
  Lottia austrodigitalis: lat [30.5, 37.2] → grid [30.5, 38.7] (107 pts)
  Lottia gigantea: lat [32.7, 38.6] → grid [31.2, 40.1] (116 pts)
  Lottia scabra: lat [30.5, 41.7] → grid [30.5, 42.0] (150 pts)
  Macrocystis pyrifera: lat [32.7, 37.0] → grid [31.2, 38.4] (95 pts)
  Neotrypaea californiensis: lat [32.8, 38.3] → grid [31.3, 39.8] (111 pts)
  Nucella emarginata: lat [33.2, 36.5] → grid [31.7, 38.0] (82 pts)
  Panulirus interruptus: lat [32.8, 34.4] → grid [31.3, 35.8] (59 pts)
  Pelvetiopsis limitata: lat [34.7, 41.7] → grid [33.3, 42.0] (114 pts)
  Pollicipes polymerus: lat [30.5, 41.7] → grid [30.5, 42.0] (150 pts)
  Silvetia compressa: lat [32.9, 38.3] → grid [31.4, 39.8] (109 pts)
  Tetraclita rubescens: lat [30.5, 40.0] → grid [30.5, 41.5] (143 pts)
  Zostera marina: lat [32.6, 38.3] → grid [31.2, 39.8] (112 pts)
  Zostera pacifica: lat [32.7, 34.5] → grid [31.2, 35.9] (62 pts)
  He global reference: [0.0610, 0.8770]
  π California reference: [0.000000, 0.046364]
Computing vulnerability scores...
Saved: /Users/liyingnceas/GitHub/coastal-caligendiv/data/processed/vulnerability_scores.csv (1712 records)
Saved: /Users/liyingnceas/GitHub/coastal-caligendiv/figures/resilience_map.png
Saved: /Users/liyingnceas/GitHub/coastal-caligendiv/figures/diversity_map.png
Saved: /Users/liyingnceas/GitHub/coastal-caligendiv/figures/species_vulnerability_ranking.png
Saved: /Users/liyingnceas/GitHub/coastal-caligendiv/figures/diversity_vs_exposure_comparison.png
Saved: /Users/liyingnceas/GitHub/coastal-caligendiv/figures/old_vs_new_comparison.png
Saved: /Users/liyingnceas/GitHub/coastal-caligendiv/figures/exposure_components.png
Saved: /Users/liyingnceas/GitHub/coastal-caligendiv/figures/global_vs_california.png
Generating ecosystem-level resilience map...
  75 coastal segments, 16 species total
Saved: /Users/liyingnceas/GitHub/coastal-caligendiv/figures/ecosystem_resilience.png

  Ecosystem resilience by region:
    Southern CA (29-34°N):
      Mean vulnerability: 0.634
      Mean species coverage: 12.4
      % Critical: 71.8%
      % Resilient: 0.0%
    Central CA (34-37°N):
      Mean vulnerability: 0.427
      Mean species coverage: 15.0
      % Critical: 21.3%
      % Resilient: 21.1%
    Northern CA (37-43°N):
      Mean vulnerability: 0.378
      Mean species coverage: 8.8
      % Critical: 18.0%
      % Resilient: 11.1%

============================================================
RESILIENCE ASSESSMENT SUMMARY
============================================================

Species assessed: 16
Total predictions: 1712
  Resilient: 11.9%
  At Risk: 13.3%
  Latent Vulnerability: 39.9%
  Critical: 35.0%

Most vulnerable species (>50% Critical predictions):
  Zostera pacifica (He): vulnerability=0.537, critical=75.8%
  Emerita analoga (pi): vulnerability=0.555, critical=50.9%
  Silvetia compressa (pi): vulnerability=0.631, critical=56.9%
  Nucella emarginata (pi): vulnerability=0.654, critical=61.0%
  Lottia austrodigitalis (pi): vulnerability=0.668, critical=61.7%

Most resilient species (<10% Critical):
  Macrocystis pyrifera (He): vulnerability=0.236
  Panulirus interruptus (He): vulnerability=0.280
  Neotrypaea californiensis (pi): vulnerability=0.345
  Zostera marina (He): vulnerability=0.348
  Kelletia kelletii (He): vulnerability=0.381
=== PIPELINE COMPLETE ===
