Using device: mps
  CA species filter (>10 obs): 31 -> 16 species, 557 -> 461 records
Generating predictions for all species...
  Emerita analoga: lat [33.8, 39.0] → grid [32.3, 40.5] (354 pts)
  NLCD 2021: 1 points, 5 km radius
  Eucyclogobius newberryi: lat [33.2, 41.9] → grid [31.7, 42.0] (446 pts)
  Kelletia kelletii: lat [32.7, 34.5] → grid [31.2, 36.0] (209 pts)
  Lottia austrodigitalis: lat [30.5, 37.2] → grid [30.5, 38.7] (356 pts)
  Lottia gigantea: lat [32.7, 38.6] → grid [31.2, 40.1] (388 pts)
  NLCD 2021: 1 points, 5 km radius
  Lottia scabra: lat [30.5, 41.7] → grid [30.5, 42.0] (500 pts)
  Macrocystis pyrifera: lat [32.7, 37.0] → grid [31.2, 38.5] (316 pts)
  Neotrypaea californiensis: lat [32.8, 38.3] → grid [31.3, 39.8] (372 pts)
  Nucella emarginata: lat [33.2, 36.5] → grid [31.7, 38.0] (273 pts)
  Panulirus interruptus: lat [32.8, 34.4] → grid [31.3, 35.9] (199 pts)
  NLCD 2021: 1 points, 5 km radius
  Pelvetiopsis limitata: lat [34.7, 41.7] → grid [33.2, 42.0] (381 pts)
  NLCD 2021: 1 points, 5 km radius
  Pollicipes polymerus: lat [30.5, 41.7] → grid [30.5, 42.0] (500 pts)
  Silvetia compressa: lat [32.9, 38.3] → grid [31.4, 39.8] (367 pts)
  Tetraclita rubescens: lat [30.5, 40.0] → grid [30.5, 41.5] (479 pts)
  Zostera marina: lat [32.6, 38.3] → grid [31.1, 39.8] (377 pts)
  Zostera pacifica: lat [32.7, 34.5] → grid [31.2, 36.0] (208 pts)
Computing per-GCM exposure (climate change ensemble)...
  ensemble mean 0.5102, inter-model sd 0.0297
  He global reference: [0.0610, 0.8770]
  π California reference: [0.000000, 0.046364]
Adding NLCD land-use pressure...
  NLCD 2021: 4 points, 5 km radius
  land-use pressure available for 4825/5725 predictions (mean 0.300)
  combined stressor: 0.4626 vs climate alone 0.5102
Computing vulnerability scores...
  diversity scale: present ∪ future (from 06c)
Saved: /Users/liyingnceas/GitHub/coastal-caligendiv/data/processed/vulnerability_scores.csv (5725 records)
Saved: /Users/liyingnceas/GitHub/coastal-caligendiv/figures/resilience_map.png
Saved: /Users/liyingnceas/GitHub/coastal-caligendiv/figures/diversity_map.png
Saved: /Users/liyingnceas/GitHub/coastal-caligendiv/figures/species_vulnerability_ranking.png
Saved: /Users/liyingnceas/GitHub/coastal-caligendiv/figures/diversity_vs_exposure_comparison.png
Saved: /Users/liyingnceas/GitHub/coastal-caligendiv/figures/old_vs_new_comparison.png
  NLCD 2021: 1 points, 5 km radius
Saved: /Users/liyingnceas/GitHub/coastal-caligendiv/figures/exposure_components.png
Saved: /Users/liyingnceas/GitHub/coastal-caligendiv/figures/global_vs_california.png
Generating ecosystem-level resilience map...
  75 coastal segments, 16 species total
Saved: /Users/liyingnceas/GitHub/coastal-caligendiv/figures/ecosystem_resilience.png

  Ecosystem resilience by region:
    Southern CA (29-34°N):
      Mean vulnerability: 0.341
      Mean species coverage: 12.7
      % Critical: 15.9%
      % Resilient: 46.3%
    Central CA (34-37°N):
      Mean vulnerability: 0.349
      Mean species coverage: 15.1
      % Critical: 13.0%
      % Resilient: 40.3%
    Northern CA (37-43°N):
      Mean vulnerability: 0.361
      Mean species coverage: 8.8
      % Critical: 11.6%
      % Resilient: 34.4%

============================================================
RESILIENCE ASSESSMENT SUMMARY
============================================================

Species assessed: 16
Total predictions: 5725
  Resilient: 38.4%
  At Risk: 10.8%
  Latent Vulnerability: 37.5%
  Critical: 13.3%

Most vulnerable species (>50% Critical predictions):

Most resilient species (<10% Critical):
  Kelletia kelletii (He): vulnerability=0.187
  Macrocystis pyrifera (He): vulnerability=0.277
  Panulirus interruptus (He): vulnerability=0.279
  Tetraclita rubescens (pi): vulnerability=0.291
  Zostera marina (He): vulnerability=0.301
