=== STEP 03 (pi log-link) ===
Using device: mps
  CA species filter (>10 obs): 31 -> 16 species, 557 -> 461 records
Global: 19163 records, 1108 species
California: 461 records, 16 species

============================================================
PHASE 1: Global pre-training
============================================================
  WithinSpecies: 941 species groups
  CrossSpecies: 111 taxonomic groups
  WithinSpecies: 167 species groups

Parameters: 254,344
  Epoch   1: loss=1.4210  val_RMSE=0.6614  R²=0.6100  σ=0.7444  95%CI=0.974
  Epoch   5: loss=1.0062  val_RMSE=0.5194  R²=0.7711  σ=0.4150  95%CI=0.870
  Epoch  10: loss=0.7277  val_RMSE=0.3672  R²=0.8529  σ=0.3379  95%CI=0.932
  Epoch  15: loss=0.5780  val_RMSE=0.4633  R²=0.7871  σ=0.3661  95%CI=0.901
  Epoch  20: loss=0.3925  val_RMSE=0.5262  R²=0.7009  σ=0.3679  95%CI=0.837
  Epoch  25: loss=0.4606  val_RMSE=0.5030  R²=0.7733  σ=0.2900  95%CI=0.802
  Epoch  30: loss=0.4061  val_RMSE=0.5154  R²=0.7280  σ=0.3619  95%CI=0.814
  Early stopping at epoch 30

  Best global: RMSE=0.5212, R²=0.7405, σ=0.3626, coverage=0.878

============================================================
PHASE 2: California fine-tuning (He + π)
============================================================
  WithinSpecies: 5 species groups

  Zero-shot: RMSE=0.8558, R²=0.3929, σ=0.4834, coverage=0.699
  WithinSpecies: 11 species groups
  MixedContext: 11 CA species, 371 global families available
  Epoch   1: loss=1.2364  test_RMSE=0.5895  R²=0.6796  σ=0.4627  coverage=0.790
  Epoch   5: loss=0.7138  test_RMSE=0.5813  R²=0.6668  σ=0.3478  coverage=0.637
  Epoch  10: loss=0.3875  test_RMSE=0.5417  R²=0.7351  σ=0.3635  coverage=0.607
  Epoch  15: loss=0.4638  test_RMSE=0.5529  R²=0.7311  σ=0.3192  coverage=0.593
  Epoch  20: loss=0.3448  test_RMSE=0.6481  R²=0.7028  σ=0.2887  coverage=0.492
  Epoch  25: loss=0.2179  test_RMSE=0.6126  R²=0.7062  σ=0.3222  coverage=0.607
  Early stopping at epoch 29

  Fine-tuned: RMSE=0.5637, R²=0.7361, σ=0.3833, coverage=0.577

  Per metric-type:
  WithinSpecies: 3 species groups
    He: n_species=3, RMSE=0.6183, R²=0.7704, σ=0.2065
  WithinSpecies: 2 species groups
    pi: n_species=2, RMSE=0.4103, R²=0.8309, σ=0.6742

Saved to /Users/liyingnceas/GitHub/coastal-caligendiv/models/
=== STEP 04 ===
Using device: mps
  CA species filter (>10 obs): 31 -> 16 species, 557 -> 461 records
Saved: /Users/liyingnceas/GitHub/coastal-caligendiv/figures/coastal_transects.png
Saved: /Users/liyingnceas/GitHub/coastal-caligendiv/figures/obs_vs_pred.png
Saved: /Users/liyingnceas/GitHub/coastal-caligendiv/figures/calibration.png
Saved: /Users/liyingnceas/GitHub/coastal-caligendiv/figures/california_diversity_map.png
Saved: /Users/liyingnceas/GitHub/coastal-caligendiv/data/processed/predictions.csv (1350 predictions)
=== STEP 05 ===
Using device: mps
  CA species filter (>10 obs): 31 -> 16 species, 557 -> 461 records
Generating predictions for all species...
  Emerita analoga: lat [33.8, 39.0] → grid [32.4, 40.5] (106 pts)
  Eucyclogobius newberryi: lat [33.2, 41.9] → grid [31.8, 42.0] (133 pts)
  Kelletia kelletii: lat [32.7, 34.5] → grid [31.2, 36.0] (63 pts)
  Lottia austrodigitalis: lat [30.5, 37.2] → grid [30.5, 38.7] (107 pts)
  Lottia gigantea: lat [32.7, 38.6] → grid [31.2, 40.1] (116 pts)
  Lottia scabra: lat [30.5, 41.7] → grid [30.5, 42.0] (150 pts)
  Macrocystis pyrifera: lat [32.7, 37.0] → grid [31.2, 38.4] (95 pts)
  Neotrypaea californiensis: lat [32.8, 38.3] → grid [31.3, 39.8] (111 pts)
  Nucella emarginata: lat [33.2, 36.5] → grid [31.7, 38.0] (82 pts)
  Panulirus interruptus: lat [32.8, 34.4] → grid [31.3, 35.8] (59 pts)
  Pelvetiopsis limitata: lat [34.7, 41.7] → grid [33.3, 42.0] (114 pts)
  Pollicipes polymerus: lat [30.5, 41.7] → grid [30.5, 42.0] (150 pts)
  Silvetia compressa: lat [32.9, 38.3] → grid [31.4, 39.8] (109 pts)
  Tetraclita rubescens: lat [30.5, 40.0] → grid [30.5, 41.5] (143 pts)
  Zostera marina: lat [32.6, 38.3] → grid [31.2, 39.8] (112 pts)
  Zostera pacifica: lat [32.7, 34.5] → grid [31.2, 35.9] (62 pts)
  He global reference: [0.0610, 0.8770]
  π California reference: [0.000000, 0.046364]
Computing vulnerability scores...
Saved: /Users/liyingnceas/GitHub/coastal-caligendiv/data/processed/vulnerability_scores.csv (1712 records)
Saved: /Users/liyingnceas/GitHub/coastal-caligendiv/figures/resilience_map.png
Saved: /Users/liyingnceas/GitHub/coastal-caligendiv/figures/diversity_map.png
Saved: /Users/liyingnceas/GitHub/coastal-caligendiv/figures/species_vulnerability_ranking.png
Saved: /Users/liyingnceas/GitHub/coastal-caligendiv/figures/diversity_vs_exposure_comparison.png
Saved: /Users/liyingnceas/GitHub/coastal-caligendiv/figures/old_vs_new_comparison.png
Saved: /Users/liyingnceas/GitHub/coastal-caligendiv/figures/exposure_components.png
Saved: /Users/liyingnceas/GitHub/coastal-caligendiv/figures/global_vs_california.png
Generating ecosystem-level resilience map...
  75 coastal segments, 16 species total
Saved: /Users/liyingnceas/GitHub/coastal-caligendiv/figures/ecosystem_resilience.png

  Ecosystem resilience by region:
    Southern CA (29-34°N):
      Mean vulnerability: 0.603
      Mean species coverage: 12.4
      % Critical: 77.2%
      % Resilient: 0.0%
    Central CA (34-37°N):
      Mean vulnerability: 0.479
      Mean species coverage: 15.0
      % Critical: 22.2%
      % Resilient: 15.2%
    Northern CA (37-43°N):
      Mean vulnerability: 0.408
      Mean species coverage: 8.8
      % Critical: 18.8%
      % Resilient: 5.7%

============================================================
RESILIENCE ASSESSMENT SUMMARY
============================================================

Species assessed: 16
Total predictions: 1712
  Resilient: 7.6%
  At Risk: 10.6%
  Latent Vulnerability: 44.3%
  Critical: 37.5%

Most vulnerable species (>50% Critical predictions):
  Lottia gigantea (He): vulnerability=0.409, critical=52.6%
  Eucyclogobius newberryi (He): vulnerability=0.412, critical=51.1%
  Zostera pacifica (He): vulnerability=0.482, critical=98.4%
  Lottia austrodigitalis (pi): vulnerability=0.667, critical=52.3%

Most resilient species (<10% Critical):
  Panulirus interruptus (He): vulnerability=0.243
  Macrocystis pyrifera (He): vulnerability=0.253
  Kelletia kelletii (He): vulnerability=0.322
=== PIPELINE COMPLETE ===
