=== 03 base (global-only scaler) ===
Using device: mps
  CA species filter (>10 obs): 31 -> 16 species, 557 -> 461 records
Global: 19163 records, 1108 species
California: 461 records, 16 species

============================================================
PHASE 1: Global pre-training
============================================================
  WithinSpecies: 941 species groups
  CrossSpecies: 112 taxonomic groups
  WithinSpecies: 167 species groups

Parameters: 254,344
  Epoch   1: loss=1.5232  val_RMSE=0.8023  R²=0.1330  σ=0.7183  95%CI=0.921
  Epoch   5: loss=0.8798  val_RMSE=0.5156  R²=0.7036  σ=0.4444  95%CI=0.931
  Epoch  10: loss=0.7401  val_RMSE=0.5030  R²=0.7358  σ=0.4419  95%CI=0.921
  Epoch  15: loss=0.6077  val_RMSE=0.5492  R²=0.7008  σ=0.3672  95%CI=0.885
  Epoch  20: loss=0.4855  val_RMSE=0.5591  R²=0.5819  σ=0.4460  95%CI=0.917
  Epoch  25: loss=0.3396  val_RMSE=0.5303  R²=0.6768  σ=0.3686  95%CI=0.830
  Epoch  30: loss=0.3115  val_RMSE=0.4763  R²=0.7445  σ=0.3936  95%CI=0.925
  Epoch  35: loss=0.2252  val_RMSE=0.5150  R²=0.6710  σ=0.4597  95%CI=0.933
  Early stopping at epoch 38

  Best global: RMSE=0.5057, R²=0.7142, σ=0.4470, coverage=0.922

============================================================
PHASE 2: California fine-tuning (He + π)
============================================================
  WithinSpecies: 5 species groups

  Zero-shot: RMSE=0.6120, R²=0.6578, σ=0.5256, coverage=0.929
  WithinSpecies: 11 species groups
  MixedContext: 11 CA species, 371 global families available
  Epoch   1: loss=0.8528  test_RMSE=0.5026  R²=0.7986  σ=0.4516  coverage=0.885
  Epoch   5: loss=0.7141  test_RMSE=0.5549  R²=0.7409  σ=0.4713  coverage=0.803
  Epoch  10: loss=0.3850  test_RMSE=0.5645  R²=0.7581  σ=0.5369  coverage=0.900
  Epoch  15: loss=0.3783  test_RMSE=0.6117  R²=0.6654  σ=0.3261  coverage=0.758
  Epoch  20: loss=0.2920  test_RMSE=0.6695  R²=0.6001  σ=0.2869  coverage=0.617
  Early stopping at epoch 21

  Fine-tuned: RMSE=0.5682, R²=0.7375, σ=0.4572, coverage=0.861

  Per metric-type:
  WithinSpecies: 3 species groups
    He: n_species=3, RMSE=0.5278, R²=0.7862, σ=0.3359
  WithinSpecies: 2 species groups
    pi: n_species=2, RMSE=0.4594, R²=0.7763, σ=0.6018

Saved to /Users/liyingnceas/GitHub/coastal-caligendiv/models/
=== 03c LULC fine-tune ===
Using device: mps
==============================================================
PHASE 2 RE-RUN: California fine-tuning with land use
==============================================================
  CA species filter (>10 obs): 31 -> 16 species, 557 -> 461 records
California: 461 records, 16 species
  with NLCD coverage: 453
Extra covariates: lulc_pressure, developed_frac, crop_frac, land_frac, lulc_known

Started from cnp_california_finetuned.pt, encoder widened 23 -> 28 numeric inputs
  WithinSpecies: 16 species groups
  MixedContext: 16 CA species, 371 global families available

Fine-tuning 80 epochs x 100 episodes
  epoch   1: loss=0.7656  RMSE=0.4925  R²=0.6879
  epoch  10: loss=0.2471  RMSE=0.4655  R²=0.7781
  epoch  20: loss=-0.0945  RMSE=0.3619  R²=0.8678
  epoch  30: loss=-0.1093  RMSE=0.3320  R²=0.8756
  epoch  40: loss=-0.2430  RMSE=0.3026  R²=0.9109
  epoch  50: loss=-0.4356  RMSE=0.2954  R²=0.9068
  epoch  60: loss=-0.3753  RMSE=0.2384  R²=0.9414
  epoch  70: loss=-0.4868  RMSE=0.2264  R²=0.9434
  epoch  80: loss=-0.5018  RMSE=0.2592  R²=0.9248

Saved: models/cnp_california_lulc.pt, models/feature_processor_lulc.pkl

Leave-one-out, within-species skill:

  species                      n  r baseline   r +LULC
  Emerita analoga             38        0.64      0.64
  Eucyclogobius newberryi     66        0.93      0.93
  Kelletia kelletii           24        0.50      0.50
  Lottia austrodigitalis      24        0.75      0.75
  Lottia gigantea             15        0.95      0.95
  Lottia scabra               29        0.83      0.83
  Macrocystis pyrifera        60        0.93      0.93
  Neotrypaea californiensis   20        0.74      0.74
  Nucella emarginata          16        0.66      0.66
  Panulirus interruptus       14        0.91      0.91
  Pelvetiopsis limitata       11        0.85      0.85
  Pollicipes polymerus        29        0.72      0.72
  Silvetia compressa          21        0.90      0.90
  Tetraclita rubescens        27        0.67      0.67
  Zostera marina              56        0.86      0.86
  Zostera pacifica            11        0.58      0.58

  baseline: within-species predicted variance = 72% of observed, median r = +0.79

  with_lulc: within-species predicted variance = 72% of observed, median r = +0.79
=== 04 predictions/figures ===
Using device: mps
  CA species filter (>10 obs): 31 -> 16 species, 557 -> 461 records
  NLCD 2021: 1 points, 5 km radius
  NLCD 2021: 1 points, 5 km radius
  NLCD 2021: 1 points, 5 km radius
  NLCD 2021: 1 points, 5 km radius
  NLCD 2021: 1 points, 5 km radius
  NLCD 2021: 1 points, 5 km radius
  NLCD 2021: 1 points, 5 km radius
  NLCD 2021: 1 points, 5 km radius
  NLCD 2021: 1 points, 5 km radius
Saved: /Users/liyingnceas/GitHub/coastal-caligendiv/figures/coastal_transects.pdf
Saved: /Users/liyingnceas/GitHub/coastal-caligendiv/figures/obs_vs_pred.pdf
Saved: /Users/liyingnceas/GitHub/coastal-caligendiv/figures/calibration.pdf
  NLCD 2021: 1 points, 5 km radius
Saved: /Users/liyingnceas/GitHub/coastal-caligendiv/figures/california_diversity_map.pdf
Saved: /Users/liyingnceas/GitHub/coastal-caligendiv/data/processed/predictions.csv (4500 predictions)
=== 05 resilience/figures ===
Using device: mps
  CA species filter (>10 obs): 31 -> 16 species, 557 -> 461 records
Generating predictions for all species...
  Emerita analoga: lat [33.8, 39.0] → grid [32.3, 40.5] (354 pts)
  NLCD 2021: 1 points, 5 km radius
  Eucyclogobius newberryi: lat [33.2, 41.9] → grid [31.7, 42.0] (446 pts)
  Kelletia kelletii: lat [32.7, 34.5] → grid [31.2, 36.0] (209 pts)
  Lottia austrodigitalis: lat [30.5, 37.2] → grid [30.5, 38.7] (356 pts)
  Lottia gigantea: lat [32.7, 38.6] → grid [31.2, 40.1] (388 pts)
  NLCD 2021: 1 points, 5 km radius
  Lottia scabra: lat [30.5, 41.7] → grid [30.5, 42.0] (500 pts)
  Macrocystis pyrifera: lat [32.7, 37.0] → grid [31.2, 38.5] (316 pts)
  Neotrypaea californiensis: lat [32.8, 38.3] → grid [31.3, 39.8] (372 pts)
  Nucella emarginata: lat [33.2, 36.5] → grid [31.7, 38.0] (273 pts)
  Panulirus interruptus: lat [32.8, 34.4] → grid [31.3, 35.9] (199 pts)
  NLCD 2021: 1 points, 5 km radius
  Pelvetiopsis limitata: lat [34.7, 41.7] → grid [33.2, 42.0] (381 pts)
  NLCD 2021: 1 points, 5 km radius
  Pollicipes polymerus: lat [30.5, 41.7] → grid [30.5, 42.0] (500 pts)
  Silvetia compressa: lat [32.9, 38.3] → grid [31.4, 39.8] (367 pts)
  Tetraclita rubescens: lat [30.5, 40.0] → grid [30.5, 41.5] (479 pts)
  Zostera marina: lat [32.6, 38.3] → grid [31.1, 39.8] (377 pts)
  Zostera pacifica: lat [32.7, 34.5] → grid [31.2, 36.0] (208 pts)
Computing per-GCM exposure (climate change ensemble)...
  ensemble mean 0.5102, inter-model sd 0.0297
  He global reference: [0.0610, 0.8770]
  π California reference: [0.000000, 0.046364]
Adding NLCD land-use pressure...
  NLCD 2021: 4 points, 5 km radius
  land-use pressure available for 4825/5725 predictions (mean 0.300)
  combined stressor: 0.4626 vs climate alone 0.5102
Computing vulnerability scores...
  diversity scale: present ∪ future (from 06c)
Saved: /Users/liyingnceas/GitHub/coastal-caligendiv/data/processed/vulnerability_scores.csv (5725 records)
Saved: /Users/liyingnceas/GitHub/coastal-caligendiv/figures/resilience_map.png
Saved: /Users/liyingnceas/GitHub/coastal-caligendiv/figures/diversity_map.png
Saved: /Users/liyingnceas/GitHub/coastal-caligendiv/figures/species_vulnerability_ranking.png
Saved: /Users/liyingnceas/GitHub/coastal-caligendiv/figures/diversity_vs_exposure_comparison.png
Saved: /Users/liyingnceas/GitHub/coastal-caligendiv/figures/old_vs_new_comparison.png
  NLCD 2021: 1 points, 5 km radius
Saved: /Users/liyingnceas/GitHub/coastal-caligendiv/figures/exposure_components.png
Saved: /Users/liyingnceas/GitHub/coastal-caligendiv/figures/global_vs_california.png
Generating ecosystem-level resilience map...
  75 coastal segments, 16 species total
Saved: /Users/liyingnceas/GitHub/coastal-caligendiv/figures/ecosystem_resilience.png

  Ecosystem resilience by region:
    Southern CA (29-34°N):
      Mean vulnerability: 0.451
      Mean species coverage: 12.7
      % Critical: 26.4%
      % Resilient: 17.1%
    Central CA (34-37°N):
      Mean vulnerability: 0.421
      Mean species coverage: 15.1
      % Critical: 20.1%
      % Resilient: 19.5%
    Northern CA (37-43°N):
      Mean vulnerability: 0.462
      Mean species coverage: 8.8
      % Critical: 17.7%
      % Resilient: 8.3%

============================================================
RESILIENCE ASSESSMENT SUMMARY
============================================================

Species assessed: 16
Total predictions: 5725
  Resilient: 15.5%
  At Risk: 5.6%
  Latent Vulnerability: 57.7%
  Critical: 21.2%

Most vulnerable species (>50% Critical predictions):

Most resilient species (<10% Critical):
  Panulirus interruptus (He): vulnerability=0.102
  Macrocystis pyrifera (He): vulnerability=0.214
  Kelletia kelletii (He): vulnerability=0.264
  Zostera marina (He): vulnerability=0.291
  Neotrypaea californiensis (pi): vulnerability=0.380
=== 03b cross-validation ===
Using device: mps
  CA species filter (>10 obs): 31 -> 16 species, 557 -> 461 records
Species: 16 (8 He, 8 pi) across 5 folds

Fold 1/5: 12 train / 4 held-out species
  WithinSpecies: 12 species groups
  MixedContext: 12 CA species, 371 global families available
  done (87 pooled preds so far)

Fold 2/5: 12 train / 4 held-out species
  WithinSpecies: 12 species groups
  MixedContext: 12 CA species, 371 global families available
  done (122 pooled preds so far)

Fold 3/5: 12 train / 4 held-out species
  WithinSpecies: 12 species groups
  MixedContext: 12 CA species, 371 global families available
  done (181 pooled preds so far)

Fold 4/5: 14 train / 2 held-out species
  WithinSpecies: 14 species groups
  MixedContext: 14 CA species, 371 global families available
  done (27 pooled preds so far)

Fold 5/5: 14 train / 2 held-out species
  WithinSpecies: 14 species groups
  MixedContext: 14 CA species, 371 global families available
  done (44 pooled preds so far)

================================================================
5-FOLD SPECIES-LEVEL CROSS-VALIDATION (raw units, exact intervals)
================================================================
  He : n_sp= 8 n_pops= 257  RMSE=0.11871  R2=0.680  cov95=0.374  cov68=0.125  CI<0=0%
  pi : n_sp= 8 n_pops= 204  RMSE=0.00971  R2=0.157  cov95=0.578  cov68=0.314  CI<0=0%
  all: n_sp=16 n_pops= 461  RMSE=0.08887  R2=0.909  cov95=0.464  cov68=0.208  CI<0=0%

Saved: /Users/liyingnceas/GitHub/coastal-caligendiv/data/processed/crossval_metrics.csv and /Users/liyingnceas/GitHub/coastal-caligendiv/data/processed/crossval_predictions.csv
=== global obs-vs-pred ===
Using device: mps
Global He obs-vs-pred: n=6245 pops  RMSE=0.0932  R2=0.824
Saved: /Users/liyingnceas/GitHub/coastal-caligendiv/figures/global_obs_vs_pred.pdf
=== ALL COMPLETE ===
